// Jest Snapshot v1, https://goo.gl/fbAQLP

exports[`adds a mince pie 1`] = `
Array [
  <CardContent>
    <div
        className="content"
    >
        <CardHeader
            content="Super Awesome Mince Pie"
        >
            <div
                className="header"
            >
                Super Awesome Mince Pie
            </div>
        </CardHeader>
        <CardDescription>
            <div
                className="description"
            >
                Rated 
                0
                /5 from 
                0
                 reviews
            </div>
        </CardDescription>
    </div>
</CardContent>,
  <CardContent
    extra={true}
>
    <div
        className="extra content"
    >
        <Rating
            clearable="auto"
            disabled={false}
            maxRating={5}
            onRate={[Function]}
            size="huge"
        >
            <div
                className="ui huge rating"
                onMouseLeave={[Function]}
                role="radiogroup"
            >
                <RatingIcon
                    active={false}
                    aria-checked={false}
                    aria-posinset={1}
                    aria-setsize={5}
                    as="i"
                    index={0}
                    key="0"
                    onClick={[Function]}
                    onMouseEnter={[Function]}
                    selected={false}
                >
                    <i
                        aria-checked={false}
                        aria-posinset={1}
                        aria-setsize={5}
                        className="icon"
                        onClick={[Function]}
                        onKeyUp={[Function]}
                        onMouseEnter={[Function]}
                        role="radio"
                        tabIndex={0}
                    />
                </RatingIcon>
                <RatingIcon
                    active={false}
                    aria-checked={false}
                    aria-posinset={2}
                    aria-setsize={5}
                    as="i"
                    index={1}
                    key="1"
                    onClick={[Function]}
                    onMouseEnter={[Function]}
                    selected={false}
                >
                    <i
                        aria-checked={false}
                        aria-posinset={2}
                        aria-setsize={5}
                        className="icon"
                        onClick={[Function]}
                        onKeyUp={[Function]}
                        onMouseEnter={[Function]}
                        role="radio"
                        tabIndex={0}
                    />
                </RatingIcon>
                <RatingIcon
                    active={false}
                    aria-checked={false}
                    aria-posinset={3}
                    aria-setsize={5}
                    as="i"
                    index={2}
                    key="2"
                    onClick={[Function]}
                    onMouseEnter={[Function]}
                    selected={false}
                >
                    <i
                        aria-checked={false}
                        aria-posinset={3}
                        aria-setsize={5}
                        className="icon"
                        onClick={[Function]}
                        onKeyUp={[Function]}
                        onMouseEnter={[Function]}
                        role="radio"
                        tabIndex={0}
                    />
                </RatingIcon>
                <RatingIcon
                    active={false}
                    aria-checked={false}
                    aria-posinset={4}
                    aria-setsize={5}
                    as="i"
                    index={3}
                    key="3"
                    onClick={[Function]}
                    onMouseEnter={[Function]}
                    selected={false}
                >
                    <i
                        aria-checked={false}
                        aria-posinset={4}
                        aria-setsize={5}
                        className="icon"
                        onClick={[Function]}
                        onKeyUp={[Function]}
                        onMouseEnter={[Function]}
                        role="radio"
                        tabIndex={0}
                    />
                </RatingIcon>
                <RatingIcon
                    active={false}
                    aria-checked={false}
                    aria-posinset={5}
                    aria-setsize={5}
                    as="i"
                    index={4}
                    key="4"
                    onClick={[Function]}
                    onMouseEnter={[Function]}
                    selected={false}
                >
                    <i
                        aria-checked={false}
                        aria-posinset={5}
                        aria-setsize={5}
                        className="icon"
                        onClick={[Function]}
                        onKeyUp={[Function]}
                        onMouseEnter={[Function]}
                        role="radio"
                        tabIndex={0}
                    />
                </RatingIcon>
            </div>
        </Rating>
        <Button
            as="button"
            floated="right"
            loading={false}
            negative={true}
            onClick={[Function]}
        >
            <button
                className="ui negative right floated button"
                onClick={[Function]}
                role="button"
            >
                Remove
            </button>
        </Button>
    </div>
</CardContent>,
]
`;
