// Jest Snapshot v1, https://goo.gl/fbAQLP

exports[`lists no mince pies 1`] = `
<CardGroup
  doubling={true}
  itemsPerRow={4}
>
  <div
    className="ui doubling four cards"
  />
</CardGroup>
`;

exports[`lists several mince pies 1`] = `
<CardGroup
  doubling={true}
  itemsPerRow={4}
>
  <div
    className="ui doubling four cards"
  >
    <Card
      className="Pie"
      fluid={true}
      id="1"
      key="1"
      onClick={[Function]}
    >
      <a
        className="ui fluid card Pie"
        id="1"
        onClick={[Function]}
      >
        <Image
          as="img"
          src="thumbnail-1.url"
          ui={true}
        >
          <img
            className="ui image"
            src="thumbnail-1.url"
          />
        </Image>
        <CardContent>
          <div
            className="content"
          >
            <CardHeader
              content="Awesome Mince Pie"
            >
              <div
                className="header"
              >
                Awesome Mince Pie
              </div>
            </CardHeader>
            <CardDescription>
              <div
                className="description"
              >
                <Rating
                  className="Rating"
                  clearable="auto"
                  defaultRating={4}
                  disabled={true}
                  maxRating={5}
                >
                  <div
                    className="ui disabled rating Rating"
                    onMouseLeave={[Function]}
                    role="radiogroup"
                  >
                    <RatingIcon
                      active={true}
                      aria-checked={false}
                      aria-posinset={1}
                      aria-setsize={5}
                      as="i"
                      index={0}
                      key="0"
                      onClick={[Function]}
                      onMouseEnter={[Function]}
                      selected={false}
                    >
                      <i
                        aria-checked={false}
                        aria-posinset={1}
                        aria-setsize={5}
                        className="active icon"
                        onClick={[Function]}
                        onKeyUp={[Function]}
                        onMouseEnter={[Function]}
                        role="radio"
                        tabIndex={0}
                      />
                    </RatingIcon>
                    <RatingIcon
                      active={true}
                      aria-checked={false}
                      aria-posinset={2}
                      aria-setsize={5}
                      as="i"
                      index={1}
                      key="1"
                      onClick={[Function]}
                      onMouseEnter={[Function]}
                      selected={false}
                    >
                      <i
                        aria-checked={false}
                        aria-posinset={2}
                        aria-setsize={5}
                        className="active icon"
                        onClick={[Function]}
                        onKeyUp={[Function]}
                        onMouseEnter={[Function]}
                        role="radio"
                        tabIndex={0}
                      />
                    </RatingIcon>
                    <RatingIcon
                      active={true}
                      aria-checked={false}
                      aria-posinset={3}
                      aria-setsize={5}
                      as="i"
                      index={2}
                      key="2"
                      onClick={[Function]}
                      onMouseEnter={[Function]}
                      selected={false}
                    >
                      <i
                        aria-checked={false}
                        aria-posinset={3}
                        aria-setsize={5}
                        className="active icon"
                        onClick={[Function]}
                        onKeyUp={[Function]}
                        onMouseEnter={[Function]}
                        role="radio"
                        tabIndex={0}
                      />
                    </RatingIcon>
                    <RatingIcon
                      active={true}
                      aria-checked={true}
                      aria-posinset={4}
                      aria-setsize={5}
                      as="i"
                      index={3}
                      key="3"
                      onClick={[Function]}
                      onMouseEnter={[Function]}
                      selected={false}
                    >
                      <i
                        aria-checked={true}
                        aria-posinset={4}
                        aria-setsize={5}
                        className="active icon"
                        onClick={[Function]}
                        onKeyUp={[Function]}
                        onMouseEnter={[Function]}
                        role="radio"
                        tabIndex={0}
                      />
                    </RatingIcon>
                    <RatingIcon
                      active={false}
                      aria-checked={false}
                      aria-posinset={5}
                      aria-setsize={5}
                      as="i"
                      index={4}
                      key="4"
                      onClick={[Function]}
                      onMouseEnter={[Function]}
                      selected={false}
                    >
                      <i
                        aria-checked={false}
                        aria-posinset={5}
                        aria-setsize={5}
                        className="icon"
                        onClick={[Function]}
                        onKeyUp={[Function]}
                        onMouseEnter={[Function]}
                        role="radio"
                        tabIndex={0}
                      />
                    </RatingIcon>
                  </div>
                </Rating>
              </div>
            </CardDescription>
          </div>
        </CardContent>
      </a>
    </Card>
    <Card
      className="Pie"
      fluid={true}
      id="2"
      key="2"
      onClick={[Function]}
    >
      <a
        className="ui fluid card Pie"
        id="2"
        onClick={[Function]}
      >
        <Image
          as="img"
          src="thumbnail-2.url"
          ui={true}
        >
          <img
            className="ui image"
            src="thumbnail-2.url"
          />
        </Image>
        <CardContent>
          <div
            className="content"
          >
            <CardHeader
              content="Super Mince Pie"
            >
              <div
                className="header"
              >
                Super Mince Pie
              </div>
            </CardHeader>
            <CardDescription>
              <div
                className="description"
              >
                <Rating
                  className="Rating"
                  clearable="auto"
                  defaultRating={3}
                  disabled={true}
                  maxRating={5}
                >
                  <div
                    className="ui disabled rating Rating"
                    onMouseLeave={[Function]}
                    role="radiogroup"
                  >
                    <RatingIcon
                      active={true}
                      aria-checked={false}
                      aria-posinset={1}
                      aria-setsize={5}
                      as="i"
                      index={0}
                      key="0"
                      onClick={[Function]}
                      onMouseEnter={[Function]}
                      selected={false}
                    >
                      <i
                        aria-checked={false}
                        aria-posinset={1}
                        aria-setsize={5}
                        className="active icon"
                        onClick={[Function]}
                        onKeyUp={[Function]}
                        onMouseEnter={[Function]}
                        role="radio"
                        tabIndex={0}
                      />
                    </RatingIcon>
                    <RatingIcon
                      active={true}
                      aria-checked={false}
                      aria-posinset={2}
                      aria-setsize={5}
                      as="i"
                      index={1}
                      key="1"
                      onClick={[Function]}
                      onMouseEnter={[Function]}
                      selected={false}
                    >
                      <i
                        aria-checked={false}
                        aria-posinset={2}
                        aria-setsize={5}
                        className="active icon"
                        onClick={[Function]}
                        onKeyUp={[Function]}
                        onMouseEnter={[Function]}
                        role="radio"
                        tabIndex={0}
                      />
                    </RatingIcon>
                    <RatingIcon
                      active={true}
                      aria-checked={true}
                      aria-posinset={3}
                      aria-setsize={5}
                      as="i"
                      index={2}
                      key="2"
                      onClick={[Function]}
                      onMouseEnter={[Function]}
                      selected={false}
                    >
                      <i
                        aria-checked={true}
                        aria-posinset={3}
                        aria-setsize={5}
                        className="active icon"
                        onClick={[Function]}
                        onKeyUp={[Function]}
                        onMouseEnter={[Function]}
                        role="radio"
                        tabIndex={0}
                      />
                    </RatingIcon>
                    <RatingIcon
                      active={false}
                      aria-checked={false}
                      aria-posinset={4}
                      aria-setsize={5}
                      as="i"
                      index={3}
                      key="3"
                      onClick={[Function]}
                      onMouseEnter={[Function]}
                      selected={false}
                    >
                      <i
                        aria-checked={false}
                        aria-posinset={4}
                        aria-setsize={5}
                        className="icon"
                        onClick={[Function]}
                        onKeyUp={[Function]}
                        onMouseEnter={[Function]}
                        role="radio"
                        tabIndex={0}
                      />
                    </RatingIcon>
                    <RatingIcon
                      active={false}
                      aria-checked={false}
                      aria-posinset={5}
                      aria-setsize={5}
                      as="i"
                      index={4}
                      key="4"
                      onClick={[Function]}
                      onMouseEnter={[Function]}
                      selected={false}
                    >
                      <i
                        aria-checked={false}
                        aria-posinset={5}
                        aria-setsize={5}
                        className="icon"
                        onClick={[Function]}
                        onKeyUp={[Function]}
                        onMouseEnter={[Function]}
                        role="radio"
                        tabIndex={0}
                      />
                    </RatingIcon>
                  </div>
                </Rating>
              </div>
            </CardDescription>
          </div>
        </CardContent>
      </a>
    </Card>
  </div>
</CardGroup>
`;
