// Jest Snapshot v1, https://goo.gl/fbAQLP

exports[`lists mince pies 1`] = `
<Card
  className="Pie"
  fluid={true}
  id="1234"
  key="1234"
  onClick={[Function]}
>
  <Image
    as="img"
    src="thumbnail.url"
    ui={true}
  />
  <CardContent>
    <CardHeader
      content="Mince Pie"
    />
    <CardDescription>
      <Rating
        className="Rating"
        clearable="auto"
        defaultRating={0}
        disabled={true}
        maxRating={5}
      />
    </CardDescription>
  </CardContent>
</Card>
`;
